[    1832ms] [VERBOSE] [DOM] Password field is not contained in a form: (More info: https://goo.gl/9p2vKq) %o @ https://golf-grove-dms.vercel.app/:0
[    1833ms] [VERBOSE] [DOM] Password field is not contained in a form: (More info: https://goo.gl/9p2vKq) %o @ https://golf-grove-dms.vercel.app/:0
[21331195ms] [ERROR] Loading the font 'https://k2mkucxia43oc7fa.public.blob.vercel-storage.com/front/fonts/space-mono/space-mono-v11-latin-regular.woff2' violates the following Content Security Policy directive: "font-src 'self' *.vercel.com *.gstatic.com vercel.live". The action has been blocked. @ https://vercel.com/mhingora90s-projects/golf-grove-dms:301
[21333574ms] [LOG] %c
▲

    ____                               _ __
   / __ \________  ____ _____ ___     (_) /_
  / / / / ___/ _ \/ __ `/ __ `__ \   / / __/
 / /_/ / /  /  __/ /_/ / / / / / /  / / /__
/_____/_/   \___/\__,_/_/ /_/ /_/  /_/\__( )
   _____ __    _          _ __           |/
  / ___// /_  (_)___     (_) /_
  \__ \/ __ \/ / __ \   / / __/
 ___/ / / / / / /_/ /  / / /_
/____/_/ /_/_/ .___/  /_/\__/
            /_/
  

Hello!

- Open Source https://vercel.com/oss
- Careers https://vercel.com/careers
- Status https://vercel-status.com

 font-family: "Geist Mono", monospace; white-space: pre; line-height: 1; @ https://vercel.com/_next/static/chunks/1kb_g4grefj65.js?dpl=dpl_4wBHyo7qxiTsKU9cKNRumpDb2LmM:78
[21338560ms] Error: Minified React error #418; visit https://react.dev/errors/418?args[]=HTML&args[]= for the full message or use the non-minified dev environment for full errors and additional helpful warnings.
    at r3 (https://vercel.com/_next/static/chunks/1kb_g4grefj65.js?dpl=dpl_4wBHyo7qxiTsKU9cKNRumpDb2LmM:79:44661)
    at iC (https://vercel.com/_next/static/chunks/1kb_g4grefj65.js?dpl=dpl_4wBHyo7qxiTsKU9cKNRumpDb2LmM:79:98734)
    at sW (https://vercel.com/_next/static/chunks/1kb_g4grefj65.js?dpl=dpl_4wBHyo7qxiTsKU9cKNRumpDb2LmM:79:139670)
    at https://vercel.com/_next/static/chunks/1kb_g4grefj65.js?dpl=dpl_4wBHyo7qxiTsKU9cKNRumpDb2LmM:79:139515
    at s$ (https://vercel.com/_next/static/chunks/1kb_g4grefj65.js?dpl=dpl_4wBHyo7qxiTsKU9cKNRumpDb2LmM:79:139523)
    at sR (https://vercel.com/_next/static/chunks/1kb_g4grefj65.js?dpl=dpl_4wBHyo7qxiTsKU9cKNRumpDb2LmM:79:134580)
    at cg (https://vercel.com/_next/static/chunks/1kb_g4grefj65.js?dpl=dpl_4wBHyo7qxiTsKU9cKNRumpDb2LmM:79:169304)
    at cf (https://vercel.com/_next/static/chunks/1kb_g4grefj65.js?dpl=dpl_4wBHyo7qxiTsKU9cKNRumpDb2LmM:79:167207)
    at cp (https://vercel.com/_next/static/chunks/1kb_g4grefj65.js?dpl=dpl_4wBHyo7qxiTsKU9cKNRumpDb2LmM:79:167564)
    at https://vercel.com/_next/static/chunks/1kb_g4grefj65.js?dpl=dpl_4wBHyo7qxiTsKU9cKNRumpDb2LmM:79:169363
[21339745ms] [WARNING] The resource https://vercel.com/_next/static/chunks/389fqnv9daql5.css?dpl=dpl_4wBHyo7qxiTsKU9cKNRumpDb2LmM was preloaded using link preload but not used within a few seconds from the window's load event. Please make sure it has an appropriate `as` value and it is preloaded intentionally. @ https://vercel.com/mhingora90s-projects/golf-grove-dms:0
[21340149ms] [ERROR] Failed to load resource: the server responded with a status of 404 () @ https://vercel.com/api/chat/vr1ArWnW8xOGykHX/stream:0
[21340737ms] [WARNING] [omniagent] chat stream failed Error: {"error":{"code":"not_found","message":"The requested API endpoint was not found."}}
    at oS.reconnectToStream (https://vercel.com/_next/static/chunks/2axfz07t26y9p.js?dpl=dpl_4wBHyo7qxiTsKU9cKNRumpDb2LmM:38:48063)
    at async ae.makeRequest (https://vercel.com/_next/static/chunks/2axfz07t26y9p.js?dpl=dpl_4wBHyo7qxiTsKU9cKNRumpDb2LmM:23:47520)
    at async ae.resumeStream (https://vercel.com/_next/static/chunks/2axfz07t26y9p.js?dpl=dpl_4wBHyo7qxiTsKU9cKNRumpDb2LmM:23:44598) @ https://vercel.com/_next/static/chunks/3qlowqe4005d-.js?dpl=dpl_4wBHyo7qxiTsKU9cKNRumpDb2LmM:1
[21344426ms] [WARNING] Deprecated API for given entry type. @ https://vercel.com/_next/static/chunks/3nvaismgwj9pr.js?dpl=dpl_4wBHyo7qxiTsKU9cKNRumpDb2LmM:18
[21377207ms] [WARNING] The resource https://vercel.com/_next/static/chunks/08cd0i4vtwexf.css?dpl=dpl_4wBHyo7qxiTsKU9cKNRumpDb2LmM was preloaded using link preload but not used within a few seconds from the window's load event. Please make sure it has an appropriate `as` value and it is preloaded intentionally. @ https://vercel.com/mhingora90s-projects/golf-grove-dms:0
[21377207ms] [WARNING] The resource https://vercel.com/_next/static/chunks/3fd49nnoyujvi.css?dpl=dpl_4wBHyo7qxiTsKU9cKNRumpDb2LmM was preloaded using link preload but not used within a few seconds from the window's load event. Please make sure it has an appropriate `as` value and it is preloaded intentionally. @ https://vercel.com/mhingora90s-projects/golf-grove-dms:0
[21377207ms] [WARNING] The resource https://vercel.com/_next/static/chunks/3d792zqltro0t.css?dpl=dpl_4wBHyo7qxiTsKU9cKNRumpDb2LmM was preloaded using link preload but not used within a few seconds from the window's load event. Please make sure it has an appropriate `as` value and it is preloaded intentionally. @ https://vercel.com/mhingora90s-projects/golf-grove-dms:0
[21377207ms] [WARNING] The resource https://vercel.com/_next/static/chunks/389fqnv9daql5.css?dpl=dpl_4wBHyo7qxiTsKU9cKNRumpDb2LmM was preloaded using link preload but not used within a few seconds from the window's load event. Please make sure it has an appropriate `as` value and it is preloaded intentionally. @ https://vercel.com/mhingora90s-projects/golf-grove-dms:0
[21377207ms] [WARNING] The resource https://vercel.com/_next/static/chunks/0ld0e81xyg1qc.css?dpl=dpl_4wBHyo7qxiTsKU9cKNRumpDb2LmM was preloaded using link preload but not used within a few seconds from the window's load event. Please make sure it has an appropriate `as` value and it is preloaded intentionally. @ https://vercel.com/mhingora90s-projects/golf-grove-dms:0
[21377207ms] [WARNING] The resource https://vercel.com/_next/static/chunks/37gxv99vf68l-.css?dpl=dpl_4wBHyo7qxiTsKU9cKNRumpDb2LmM was preloaded using link preload but not used within a few seconds from the window's load event. Please make sure it has an appropriate `as` value and it is preloaded intentionally. @ https://vercel.com/mhingora90s-projects/golf-grove-dms:0
[21377207ms] [WARNING] The resource https://vercel.com/_next/static/chunks/1go2vinjiwjy8.css?dpl=dpl_4wBHyo7qxiTsKU9cKNRumpDb2LmM was preloaded using link preload but not used within a few seconds from the window's load event. Please make sure it has an appropriate `as` value and it is preloaded intentionally. @ https://vercel.com/mhingora90s-projects/golf-grove-dms:0
[21377207ms] [WARNING] The resource https://vercel.com/_next/static/chunks/3464kdrwahiyx.css?dpl=dpl_4wBHyo7qxiTsKU9cKNRumpDb2LmM was preloaded using link preload but not used within a few seconds from the window's load event. Please make sure it has an appropriate `as` value and it is preloaded intentionally. @ https://vercel.com/mhingora90s-projects/golf-grove-dms:0
[21377208ms] [WARNING] The resource https://vercel.com/_next/static/chunks/13t1j7hlxsp-_.css?dpl=dpl_4wBHyo7qxiTsKU9cKNRumpDb2LmM was preloaded using link preload but not used within a few seconds from the window's load event. Please make sure it has an appropriate `as` value and it is preloaded intentionally. @ https://vercel.com/mhingora90s-projects/golf-grove-dms:0
[21377208ms] [WARNING] The resource https://vercel.com/_next/static/chunks/1tiefx_0-i8d9.css?dpl=dpl_4wBHyo7qxiTsKU9cKNRumpDb2LmM was preloaded using link preload but not used within a few seconds from the window's load event. Please make sure it has an appropriate `as` value and it is preloaded intentionally. @ https://vercel.com/mhingora90s-projects/golf-grove-dms:0
[21377208ms] [WARNING] The resource https://vercel.com/_next/static/chunks/3j7d6ld0gjv-a.css?dpl=dpl_4wBHyo7qxiTsKU9cKNRumpDb2LmM was preloaded using link preload but not used within a few seconds from the window's load event. Please make sure it has an appropriate `as` value and it is preloaded intentionally. @ https://vercel.com/mhingora90s-projects/golf-grove-dms:0
[21377208ms] [WARNING] The resource https://vercel.com/_next/static/chunks/0v7tccxaltztg.css?dpl=dpl_4wBHyo7qxiTsKU9cKNRumpDb2LmM was preloaded using link preload but not used within a few seconds from the window's load event. Please make sure it has an appropriate `as` value and it is preloaded intentionally. @ https://vercel.com/mhingora90s-projects/golf-grove-dms:0
[21377208ms] [WARNING] The resource https://vercel.com/_next/static/chunks/25e4i5hi31rfk.css?dpl=dpl_4wBHyo7qxiTsKU9cKNRumpDb2LmM was preloaded using link preload but not used within a few seconds from the window's load event. Please make sure it has an appropriate `as` value and it is preloaded intentionally. @ https://vercel.com/mhingora90s-projects/golf-grove-dms:0
