[     286ms] [LOG] Ignored request error AbortError: Failed to fetch
    at window.fetch (https://vercel.com/mhingora90s-projects/golf-grove-dms:1:24473)
    at https://vercel.com/_next/static/chunks/3nvaismgwj9pr.js?dpl=dpl_4wBHyo7qxiTsKU9cKNRumpDb2LmM:17:10666
    at g (https://vercel.com/_next/static/chunks/111_xmya27198.js?dpl=dpl_4wBHyo7qxiTsKU9cKNRumpDb2LmM:2:36084)
    at I.name (https://vercel.com/_next/static/chunks/111_xmya27198.js?dpl=dpl_4wBHyo7qxiTsKU9cKNRumpDb2LmM:2:35183)
    at name (https://vercel.com/_next/static/chunks/111_xmya27198.js?dpl=dpl_4wBHyo7qxiTsKU9cKNRumpDb2LmM:2:13199)
    at new Promise (<anonymous>)
    at p (https://vercel.com/_next/static/chunks/111_xmya27198.js?dpl=dpl_4wBHyo7qxiTsKU9cKNRumpDb2LmM:2:13181)
    at I (https://vercel.com/_next/static/chunks/111_xmya27198.js?dpl=dpl_4wBHyo7qxiTsKU9cKNRumpDb2LmM:2:35179)
    at s (https://vercel.com/_next/static/chunks/0toc91v7udoe0.js?dpl=dpl_4wBHyo7qxiTsKU9cKNRumpDb2LmM:2:2044)
    at u (https://vercel.com/_next/static/chunks/0q2n-_a1u5boo.js?dpl=dpl_4wBHyo7qxiTsKU9cKNRumpDb2LmM:2:6984)
    at https://vercel.com/_next/static/chunks/0q2n-_a1u5boo.js?dpl=dpl_4wBHyo7qxiTsKU9cKNRumpDb2LmM:2:12155
    at r (https://vercel.com/_next/static/chunks/0q2n-_a1u5boo.js?dpl=dpl_4wBHyo7qxiTsKU9cKNRumpDb2LmM:2:13873)
    at r (https://vercel.com/_next/static/chunks/3nvaismgwj9pr.js?dpl=dpl_4wBHyo7qxiTsKU9cKNRumpDb2LmM:17:3489) @ https://vercel.com/_next/static/chunks/3nvaismgwj9pr.js?dpl=dpl_4wBHyo7qxiTsKU9cKNRumpDb2LmM:16
[     657ms] [ERROR] Loading the font 'https://k2mkucxia43oc7fa.public.blob.vercel-storage.com/front/fonts/space-mono/space-mono-v11-latin-regular.woff2' violates the following Content Security Policy directive: "font-src 'self' *.vercel.com *.gstatic.com vercel.live". The action has been blocked. @ https://vercel.com/mhingora90s-projects/golf-grove-dms/deployments:467
[    1438ms] [LOG] %c
▲

    ________   _ __ _          ____           __
   /  _/ __/  (_) /( )_____   / __/___ ______/ /_
   / // /_   / / __/// ___/  / /_/ __ `/ ___/ __/
 _/ // __/  / / /_  (__  )  / __/ /_/ (__  ) /_
/___/_/    /_/\__/ /____/  /_/  \__,_/____/\__/
    _ __ _                         _    __                    __
   (_) /( )_____   ____  ____     | |  / /__  _____________  / /
  / / __/// ___/  / __ \/ __ \    | | / / _ \/ ___/ ___/ _ \/ /
 / / /_  (__  )  / /_/ / / / /    | |/ /  __/ /  / /__/  __/ /
/_/\__/ /____/   \____/_/ /_/     |___/\___/_/   \___/\___/_/
  

Hello!

- Open Source https://vercel.com/oss
- Careers https://vercel.com/careers
- Status https://vercel-status.com

 font-family: "Geist Mono", monospace; white-space: pre; line-height: 1; @ https://vercel.com/_next/static/chunks/1kb_g4grefj65.js?dpl=dpl_4wBHyo7qxiTsKU9cKNRumpDb2LmM:78
[    8631ms] [WARNING] The resource https://vercel.com/_next/static/chunks/389fqnv9daql5.css?dpl=dpl_4wBHyo7qxiTsKU9cKNRumpDb2LmM was preloaded using link preload but not used within a few seconds from the window's load event. Please make sure it has an appropriate `as` value and it is preloaded intentionally. @ https://vercel.com/mhingora90s-projects/golf-grove-dms/deployments:0
[    8750ms] [ERROR] Failed to load resource: the server responded with a status of 404 () @ https://vercel.com/api/chat/ZrHexlcawzKszZ9n/stream:0
[   10459ms] [WARNING] [omniagent] chat stream failed Error: {"error":{"code":"not_found","message":"The requested API endpoint was not found."}}
    at oS.reconnectToStream (https://vercel.com/_next/static/chunks/2axfz07t26y9p.js?dpl=dpl_4wBHyo7qxiTsKU9cKNRumpDb2LmM:38:48063)
    at async ae.makeRequest (https://vercel.com/_next/static/chunks/2axfz07t26y9p.js?dpl=dpl_4wBHyo7qxiTsKU9cKNRumpDb2LmM:23:47520)
    at async ae.resumeStream (https://vercel.com/_next/static/chunks/2axfz07t26y9p.js?dpl=dpl_4wBHyo7qxiTsKU9cKNRumpDb2LmM:23:44598) @ https://vercel.com/_next/static/chunks/3qlowqe4005d-.js?dpl=dpl_4wBHyo7qxiTsKU9cKNRumpDb2LmM:1
[   13473ms] [WARNING] Deprecated API for given entry type. @ https://vercel.com/_next/static/chunks/3nvaismgwj9pr.js?dpl=dpl_4wBHyo7qxiTsKU9cKNRumpDb2LmM:18
